braga.png
braga.jpg
braga.jpeg
braga.webp
porto.png
porto.jpg
porto.jpeg
porto.webp
bilbao.png
bilbao.jpg
bilbao.jpeg
bilbao.webp
san-sebastián.png
san-sebastián.jpg
san-sebastián.jpeg
san-sebastián.webp
bordeaux.png
bordeaux.jpg
bordeaux.jpeg
bordeaux.webp
paris.png
paris.jpg
paris.jpeg
paris.webp
lyon.png
lyon.jpg
lyon.jpeg
lyon.webp
strasbourg.png
strasbourg.jpg
strasbourg.jpeg
strasbourg.webp
guimarães.png
guimarães.jpg
guimarães.jpeg
guimarães.webp
coimbra.png
coimbra.jpg
coimbra.jpeg
coimbra.webp
vigo.png
vigo.jpg
vigo.jpeg
vigo.webp
santander.png
santander.jpg
santander.jpeg
santander.webp
toulouse.png
toulouse.jpg
toulouse.jpeg
toulouse.webp
montpellier.png
montpellier.jpg
montpellier.jpeg
montpellier.webp
nice.png
nice.jpg
nice.jpeg
nice.webp
marseille.png
marseille.jpg
marseille.jpeg
marseille.webp
lisbon.png
lisbon.jpg
lisbon.jpeg
lisbon.webp
évora.png
évora.jpg
évora.jpeg
évora.webp
setúbal.png
setúbal.jpg
setúbal.jpeg
setúbal.webp
valladolid.png
valladolid.jpg
valladolid.jpeg
valladolid.webp
madrid.png
madrid.jpg
madrid.jpeg
madrid.webp
barcelona.png
barcelona.jpg
barcelona.jpeg
barcelona.webp
valencia.png
valencia.jpg
valencia.jpeg
valencia.webp
palma-mallorca.png
palma-mallorca.jpg
palma-mallorca.jpeg
palma-mallorca.webp
faro.png
faro.jpg
faro.jpeg
faro.webp
seville.png
seville.jpg
seville.jpeg
seville.webp
cordoba.png
cordoba.jpg
cordoba.jpeg
cordoba.webp
toledo.png
toledo.jpg
toledo.jpeg
toledo.webp
zaragoza.png
zaragoza.jpg
zaragoza.jpeg
zaragoza.webp
alicante.png
alicante.jpg
alicante.jpeg
alicante.webp
murcia.png
murcia.jpg
murcia.jpeg
murcia.webp
granada.png
granada.jpg
granada.jpeg
granada.webp
santa-cruz-de-tenerife.png
santa-cruz-de-tenerife.jpg
santa-cruz-de-tenerife.jpeg
santa-cruz-de-tenerife.webp
las-palmas-de-gran-canaria.png
las-palmas-de-gran-canaria.jpg
las-palmas-de-gran-canaria.jpeg
las-palmas-de-gran-canaria.webp
san-cristóbal-de-la-laguna.png
san-cristóbal-de-la-laguna.jpg
san-cristóbal-de-la-laguna.jpeg
san-cristóbal-de-la-laguna.webp
puerto-de-la-cruz.png
puerto-de-la-cruz.jpg
puerto-de-la-cruz.jpeg
puerto-de-la-cruz.webp
costa-adeje.png
costa-adeje.jpg
costa-adeje.jpeg
costa-adeje.webp
playa-de-las-americas.png
playa-de-las-americas.jpg
playa-de-las-americas.jpeg
playa-de-las-americas.webp
arrecife-lanzarote.png
arrecife-lanzarote.jpg
arrecife-lanzarote.jpeg
arrecife-lanzarote.webp
corralejo-fuerteventura.png
corralejo-fuerteventura.jpg
corralejo-fuerteventura.jpeg
corralejo-fuerteventura.webp
mallorca.png
mallorca.jpg
mallorca.jpeg
mallorca.webp
ibiza-town.png
ibiza-town.jpg
ibiza-town.jpeg
ibiza-town.webp
mahón-menorca.png
mahón-menorca.jpg
mahón-menorca.jpeg
mahón-menorca.webp
pollensa-mallorca.png
pollensa-mallorca.jpg
pollensa-mallorca.jpeg
pollensa-mallorca.webp
palma-cathedral.png
palma-cathedral.jpg
palma-cathedral.jpeg
palma-cathedral.webp
port-de-sóller.png
port-de-sóller.jpg
port-de-sóller.jpeg
port-de-sóller.webp
ciutadella-menorca.png
ciutadella-menorca.jpg
ciutadella-menorca.jpeg
ciutadella-menorca.webp
eivissa-old-town.png
eivissa-old-town.jpg
eivissa-old-town.jpeg
eivissa-old-town.webp
san-sebastián.png
san-sebastián.jpg
san-sebastián.jpeg
san-sebastián.webp
vitoria-gasteiz.png
vitoria-gasteiz.jpg
vitoria-gasteiz.jpeg
vitoria-gasteiz.webp
zaragoza-basillica.png
zaragoza-basillica.jpg
zaragoza-basillica.jpeg
zaragoza-basillica.webp
barcelona.png
barcelona.jpg
barcelona.jpeg
barcelona.webp
toledo-alcazar.png
toledo-alcazar.jpg
toledo-alcazar.jpeg
toledo-alcazar.webp
cadiz.png
cadiz.jpg
cadiz.jpeg
cadiz.webp
malaga.png
malaga.jpg
malaga.jpeg
malaga.webp
murcia.png
murcia.jpg
murcia.jpeg
murcia.webp
andorra-la-vella.png
andorra-la-vella.jpg
andorra-la-vella.jpeg
andorra-la-vella.webp
gibraltar.png
gibraltar.jpg
gibraltar.jpeg
gibraltar.webp
lisbon.png
lisbon.jpg
lisbon.jpeg
lisbon.webp
madrid.png
madrid.jpg
madrid.jpeg
madrid.webp
paris.png
paris.jpg
paris.jpeg
paris.webp
nice.png
nice.jpg
nice.jpeg
nice.webp
toulouse.png
toulouse.jpg
toulouse.jpeg
toulouse.webp
bordeaux.png
bordeaux.jpg
bordeaux.jpeg
bordeaux.webp
